add_property ams requirement_certification0 false
add_property anniversary_gun requirement_certification0 false
add_property apc allowed false
add_property apc_nc allowed false
add_property apc_tr allowed false
add_property apc_vs allowed false
add_property aphelion allowed false
add_property aphelion_flight allowed false
add_property aphelion_gunner allowed false
add_property aurora allowed false
add_property battlewagon allowed false
add_property colossus allowed false
add_property colossus_flight allowed false
add_property colossus_gunner allowed false
add_property cycler requirement_certification0 false
add_property delivererv allowed false
add_property dropship requirement_certification0 false
add_property flail allowed false
add_property flechette requirement_certification0 false
add_property fury allowed false
add_property galaxy_gunship allowed false
add_property gauss requirement_certification0 false
add_property heavy_armor allowed false
add_property hunterseeker requirement_certification0 false
add_property lancer requirement_certification0 false
add_property lasher requirement_certification0 false
add_property liberator allowed false
add_property lightgunship allowed false
add_property lightning allowed false
add_property lodestar allowed false
add_property magrider allowed false
add_property mediumtransport allowed false
add_property mini_chaingun requirement_certification0 false
add_property mosquito allowed false
add_property nano_dispenser requirement_certification0 false
add_property nchev allowed false
add_property nchev_antiaircraft allowed false
add_property nchev_antipersonnel allowed false
add_property nchev_antivehicular allowed false
add_property order_terminal forsale_nchev_antiaircraft false
add_property order_terminal forsale_nchev_antipersonnel false
add_property order_terminal forsale_nchev_antivehicular false
add_property order_terminal forsale_trhev_antiaircraft false
add_property order_terminal forsale_trhev_antipersonnel false
add_property order_terminal forsale_trhev_antivehicular false
add_property order_terminal forsale_vshev_antiaircraft false
add_property order_terminal forsale_vshev_antipersonnel false
add_property order_terminal forsale_vshev_antivehicular false
add_property peregrine allowed false
add_property peregrine_flight allowed false
add_property peregrine_gunner allowed false
add_property phantasm purchase_tech_plant false
add_property phantasm requirement_certification0 false
add_property phoenix requirement_certification0 false
add_property prowler allowed false
add_property pulsar requirement_certification0 false
add_property punisher requirement_certification0 false
add_property quadassault allowed false
add_property quadstealth allowed false
add_property r_shotgun requirement_certification0 false
add_property router requirement_certification0 false
add_property skyguard allowed false
add_property striker requirement_certification0 false
add_property switchblade allowed false
add_property threemanheavybuggy allowed false
add_property thunderer allowed false
add_property trhev allowed false
add_property trhev_antiaircraft allowed false
add_property trhev_antipersonnel allowed false
add_property trhev_antivehicular allowed false
add_property two_man_assault_buggy allowed false
add_property twomanheavybuggy allowed false
add_property twomanhoverbuggy allowed false
add_property vanguard allowed false
add_property vshev allowed false
add_property vshev_antiaircraft allowed false
add_property vshev_antipersonnel allowed false
add_property vshev_antivehicular allowed false
add_property vulture allowed false
add_property wasp allowed false
