add_property ace requirement_certification0 false # combat_engineering
add_property ace_deployable requirement_certification0 false # combat_engineering
add_property advanced_ace firemode0_requirement_certification0 false # ce_defense
add_property advanced_ace firemode0_requirement_certification1 false # ce_advanced
add_property advanced_ace firemode1_requirement_certification0 false # ce_offense
add_property advanced_ace firemode1_requirement_certification1 false # ce_advanced
add_property advanced_ace firemode2_requirement_certification0 false # ce_offense
add_property advanced_ace firemode2_requirement_certification1 false # ce_advanced
add_property advanced_ace requirement_certification0 false # ce_defense
add_property advanced_ace requirement_certification1 false # ce_offense
add_property advanced_ace requirement_certification2 false # ce_advanced
add_property air_vehicle_terminal forsale_dropship
add_property air_vehicle_terminal forsale_galaxy_gunship
add_property air_vehicle_terminal forsale_lodestar
add_property ams requirement_certification0 false # ground_support
add_property anniversary_gun requirement_certification0 false # medium_assault
add_property ant requirement_certification0 false # vehicles
add_property apc requirement_certification0 false # ground_transport
add_property aphelion_flight requirement_award0 false # bfr_advanced
add_property aphelion_laser requirement_certification0 false # bfr_ai_gunnery
add_property aphelion_starfire requirement_certification0 false # bfr_aa_gunnery
add_property applicator requirement_certification0 false # Medical
add_property aurora requirement_certification0 false # ground_transport
add_property bank requirement_certification0 false # Repair
add_property beamer requirement_certification0 false # standard_assault
add_property bfr_terminal requirement_certification0 false # bfr_basic
add_property bolt_driver requirement_certification0 false # sniper
add_property boomer_trigger requirement_certification0 false # combat_engineering
add_property colossus_burster requirement_certification0 false # bfr_aa_gunnery
add_property colossus_chaingun requirement_certification0 false # bfr_ai_gunnery
add_property colossus_flight requirement_award0 false # bfr_advanced
add_property cycler requirement_certification0 false # medium_assault
add_property cycler_v2 requirement_certification0 false # medium_assault
add_property cycler_v3 requirement_certification0 false # medium_assault
add_property cycler_v4 requirement_certification0 false # medium_assault
add_property delivererv requirement_certification0 false # ground_transport
add_property dropship requirement_certification0 false # air_support
add_property flail requirement_certification0 false # flail
add_property flamethrower requirement_certification0 false # special_assault_2
add_property flechette requirement_certification0 false # medium_assault
add_property fury requirement_certification0 false # quad_all
add_property galaxy_gunship requirement_certification0 false # gunship
add_property gauss requirement_certification0 false # medium_assault
add_property generic_bfr requirement_certification0 false # bfr_basic
add_property heavy_sniper requirement_certification0 false # sniper
add_property hunterseeker requirement_certification0 false # anti_vehicular
add_property ilc9 requirement_certification0 false # standard_assault
add_property isp requirement_certification0 false # standard_assault
add_property katana requirement_award0 false # 2007_fan_faire
add_property lancer requirement_certification0 false # anti_vehicular
add_property lasher requirement_certification0 false # heavy_assault
add_property liberator requirement_certification0 false # air_support
add_property lightgunship requirement_certification0 false # air_cavalry_assault
add_property lightning requirement_certification0 false # armored_assault1
add_property lite_armor requirement_certification0 false # agile_armor
add_property lodestar requirement_certification0 false # air_support
add_property maelstrom requirement_certification0 false # heavy_assault
add_property magrider requirement_certification0 false # armored_assault2
add_property med_armor requirement_certification0 false # reinforced_armor
add_property mediumtransport requirement_certification0 false # ground_transport
add_property mini_chaingun requirement_certification0 false # heavy_assault
add_property mosquito requirement_certification0 false # light_scout
add_property mosquito requirement_certification1 false # air_cavalry_scout
add_property nano_dispenser requirement_certification0 false # Repair
add_property nchev_antiaircraft requirement_certification0 false # max_anti_aircraft
add_property nchev_antiaircraft requirement_certification1 false # max_all
add_property nchev_antipersonnel requirement_certification0 false # max_anti_personnel
add_property nchev_antipersonnel requirement_certification1 false # max_all
add_property nchev_antivehicular requirement_certification0 false # max_anti_vehicular
add_property nchev_antivehicular requirement_certification1 false # max_all
add_property oicw requirement_certification0 false # special_assault_2
add_property pellet_gun requirement_certification0 false # standard_assault
add_property peregrine_flight requirement_award0 false # bfr_advanced
add_property peregrine_mechhammer requirement_certification0 false # bfr_ai_gunnery
add_property peregrine_sparrow requirement_certification0 false # bfr_aa_gunnery
add_property phantasm requirement_certification0 false # phantasm
add_property phoenix requirement_certification0 false # anti_vehicular
add_property prowler requirement_certification0 false # armored_assault2
add_property pulsar requirement_certification0 false # medium_assault
add_property punisher requirement_certification0 false # medium_assault
add_property quadassault requirement_certification0 false # quad_all
add_property quadstealth requirement_certification0 false # quad_all
add_property r_shotgun requirement_certification0 false # heavy_assault
add_property radiator requirement_certification0 false # special_assault
add_property repeater requirement_certification0 false # standard_assault
add_property rocklet requirement_certification0 false # special_assault
add_property router requirement_certification0 false # ground_support
add_property six_shooter requirement_certification0 false # standard_assault
add_property skyguard requirement_certification0 false # assault_buggy
add_property skyguard requirement_certification1 false # light_scout
add_property spiker requirement_certification0 false # medium_assault
add_property standard_issue_armor requirement_certification0 false # empire_issue
add_property stealth_armor requirement_certification0 false # infiltration_suit
add_property striker requirement_certification0 false # anti_vehicular
add_property super_armorkit requirement_award0 false # xmas_spirit
add_property super_medkit requirement_award0 false # xmas_snowman
add_property super_staminakit requirement_award0 false # xmas_gingerman
add_property suppressor requirement_certification0 false # standard_assault
add_property switchblade requirement_certification0 false # switchblade
add_property threemanheavybuggy requirement_certification0 false # assault_buggy
add_property threemanheavybuggy requirement_certification1 false # light_scout
add_property thumper requirement_certification0 false # special_assault
add_property thunderer requirement_certification0 false # ground_transport
add_property trek requirement_certification0 false # virus_hacking
add_property trek requirement_certification1 false # electronics_expert
add_property trhev_antiaircraft requirement_certification0 false # max_anti_aircraft
add_property trhev_antiaircraft requirement_certification1 false # max_all
add_property trhev_antipersonnel requirement_certification0 false # max_anti_personnel
add_property trhev_antipersonnel requirement_certification1 false # max_all
add_property trhev_antivehicular requirement_certification0 false # max_anti_vehicular
add_property trhev_antivehicular requirement_certification1 false # max_all
add_property two_man_assault_buggy requirement_certification0 false # light_scout
add_property two_man_assault_buggy requirement_certification1 false # harasser
add_property two_man_assault_buggy requirement_certification2 false # assault_buggy
add_property twomanheavybuggy requirement_certification0 false # assault_buggy
add_property twomanheavybuggy requirement_certification1 false # light_scout
add_property twomanhoverbuggy requirement_certification0 false # assault_buggy
add_property twomanhoverbuggy requirement_certification1 false # light_scout
add_property twomanhoverbuggy_destroyed requirement_certification0 false # buggy_assault
add_property vanguard requirement_certification0 false # armored_assault2
add_property vehicle_terminal_combined forsale_dropship
add_property vehicle_terminal_combined forsale_galaxy_gunship
add_property vehicle_terminal_combined forsale_lodestar
add_property vshev_antiaircraft requirement_certification0 false # max_anti_aircraft
add_property vshev_antiaircraft requirement_certification1 false # max_all
add_property vshev_antipersonnel requirement_certification0 false # max_anti_personnel
add_property vshev_antipersonnel requirement_certification1 false # max_all
add_property vshev_antivehicular requirement_certification0 false # max_anti_vehicular
add_property vshev_antivehicular requirement_certification1 false # max_all
add_property vulture requirement_award0 false # bomber_ace2
add_property vulture requirement_certification0 false # air_support
add_property wasp requirement_certification0 false # air_cavalry_interceptor
add_property wasp requirement_certification1 false # air_cavalry_interceptor
add_property winchester requirement_certification0 false # standard_assault
