add_property ace allowed false
add_property ace equiptime 500
add_property ace holstertime 500
add_property ace_deployable allowed false
add_property ace_deployable equiptime 500
add_property ace_deployable holstertime 500
add_property advanced_ace equiptime 750
add_property advanced_ace holstertime 750
add_property ams maxhealth 5000
add_property ams jacking_duration 0 60 40 30
add_property anniversary_gun equiptime 500
add_property anniversary_gun holstertime 500
add_property anniversary_guna equiptime 500
add_property anniversary_guna holstertime 500
add_property anniversary_gunb equiptime 500
add_property anniversary_gunb holstertime 500
add_property aphelion_flight requirement_award0 false
add_property applicator equiptime 500
add_property applicator firemode0_refiretime 500
add_property applicator firemode1_refiretime 500
add_property applicator holstertime 500
add_property bank equiptime 500
add_property bank holstertime 500
add_property beamer equiptime 500
add_property beamer holstertime 500
add_property boomer_trigger equiptime 500
add_property chainblade equiptime 250
add_property chainblade holstertime 250
add_property colossus_flight requirement_award0 false
add_property command_detonater allowed false
add_property command_detonater equiptime 500
add_property command_detonater holstertime 500
add_property cycler equiptime 600
add_property cycler holstertime 600
add_property cycler_v2 equiptime 600
add_property cycler_v2 holstertime 600
add_property cycler_v3 equiptime 600
add_property cycler_v3 holstertime 600
add_property cycler_v4 equiptime 600
add_property cycler_v4 holstertime 600
add_property flail_targeting_laser equiptime 500
add_property flail_targeting_laser holstertime 500
add_property flamethrower equiptime 1000
add_property flamethrower holstertime 1000
add_property flechette equiptime 600
add_property flechette holstertime 600
add_property forceblade equiptime 250
add_property forceblade holstertime 250
add_property galaxy_gunship allowed false
add_property galaxy_gunship maxhealth 9500
add_property gauss equiptime 600
add_property gauss holstertime 600
add_property ilc9 equiptime 500
add_property ilc9 holstertime 500
add_property isp equiptime 500
add_property isp holstertime 500
add_property katana equiptime 250
add_property katana holstertime 250
add_property lasher equiptime 750
add_property lasher holstertime 750
add_property lasher_projectile lash_delay 0.00
add_property lasher_projectile_ap lash_delay 0.00
add_property lasher_projectile_ap lasher_projectile_ap false
add_property lasher_projectile_ap lasher_projectile true
add_property maelstrom equiptime 1000
add_property maelstrom holstertime 1000
add_property magcutter equiptime 250
add_property magcutter holstertime 250
add_property medicalapplicator equiptime 500
add_property medicalapplicator holstertime 500
add_property medicalapplicator firemode0_refiretime 500
add_property medicalapplicator firemode1_refiretime 500
add_property mini_chaingun equiptime 750
add_property mini_chaingun holstertime 750
add_property nano_dispenser equiptime 750
add_property nano_dispenser holstertime 750
add_property pellet_gun equiptime 600
add_property pellet_gun holstertime 600
add_property peregrine_flight requirement_award0 false
add_property pulsar equiptime 600
add_property pulsar holstertime 600
add_property punisher equiptime 600
add_property punisher holstertime 600
add_property r_shotgun equiptime 750
add_property r_shotgun holstertime 750
add_property remote_electronics_kit equiptime 500
add_property remote_electronics_kit holstertime 500
add_property repeater equiptime 500
add_property repeater holstertime 500
add_property six_shooter equiptime 500
add_property six_shooter holstertime 500
add_property spiker equiptime 500
add_property spiker holstertime 500
add_property super_staminakit allowed true
add_property super_staminakit medkit_reuse_delay 300
add_property super_staminakit nodrop false
add_property super_staminakit requirement_award0 false
add_property suppressor equiptime 600
add_property suppressor holstertime 600
add_property trek equiptime 500
add_property trek holstertime 500
add_property vulture requirement_award0 false
add_property ams requirement_certification0 vehicles
