add_property ace firemode1_change_ammo_cert standard_assault
add_property ace firemode2_change_ammo_cert standard_assault
add_property ace firemode3_change_ammo_cert standard_assault
add_property ace requirement_certification0 standard_assault
add_property ace_deployable requirement_certification0 standard_assault
add_property advanced_ace requirement_certification0 standard_assault
add_property advanced_ace firemode0_requirement_certification0 standard_assault
add_property advanced_ace firemode1_requirement_certification0 standard_assault
add_property advanced_ace firemode2_requirement_certification0 standard_assault
add_property anniversary_gun requirement_certification0 standard_assault
add_property anniversary_guna requirement_certification0 standard_assault
add_property anniversary_gunb requirement_certification0 standard_assault
add_property applicator requirement_certification0 standard_assault
add_property bank requirement_certification0 standard_assault
add_property bolt_driver requirement_certification0 standard_assault
add_property boomer_trigger requirement_certification0 standard_assault
add_property cycler requirement_certification0 standard_assault
add_property cycler_v2 requirement_certification0 standard_assault
add_property cycler_v3 requirement_certification0 standard_assault
add_property cycler_v4 requirement_certification0 standard_assault
add_property dynomite allowed true
add_property flamethrower requirement_certification0 standard_assault
add_property flechette requirement_certification0 standard_assault
add_property gauss requirement_certification0 standard_assault
add_property heavy_sniper requirement_certification0 standard_assault
add_property hunterseeker requirement_certification0 standard_assault
add_property lancer requirement_certification0 standard_assault
add_property lasher requirement_certification0 standard_assault
add_property lite_armor requirement_certification0 standard_armor
add_property maelstrom purchase_module none
add_property maelstrom requirement_certification0 standard_assault
add_property med_armor requirement_certification0 standard_armor
add_property mini_chaingun requirement_certification0 standard_assault
add_property nano_dispenser requirement_certification0 standard_assault
add_property nchev_antiaircraft requirement_certification0 standard_armor
add_property nchev_antipersonnel requirement_certification0 standard_armor
add_property nchev_antivehicular requirement_certification0 standard_armor
add_property oicw requirement_certification0 standard_assault
add_property pellet_gun allowed true
add_property pellet_gun_ammo allowed true
add_property phoenix requirement_certification0 standard_assault
add_property pulsar requirement_certification0 standard_assault
add_property punisher requirement_certification0 standard_assault
add_property r_shotgun requirement_certification0 standard_assault
add_property radiator purchase_module none
add_property radiator requirement_certification0 standard_assault
add_property rocklet requirement_certification0 standard_assault
add_property six_shooter allowed true
add_property six_shooter_ammo allowed true
add_property spiker purchase_module none
add_property spiker requirement_certification0 standard_assault
add_property stealth_armor requirement_certification0 standard_armor
add_property striker requirement_certification0 standard_assault
add_property thumper requirement_certification0 standard_assault
add_property trek requirement_certification0 standard_assault
add_property trhev_antiaircraft requirement_certification0 standard_armor
add_property trhev_antipersonnel requirement_certification0 standard_armor
add_property trhev_antivehicular requirement_certification0 standard_armor
add_property vshev_antiaircraft requirement_certification0 standard_armor
add_property vshev_antipersonnel requirement_certification0 standard_armor
add_property vshev_antivehicular requirement_certification0 standard_armor
add_property winchester allowed true
add_property winchester_ammo allowed true
add_property order_terminal forsale_dynomite ordertype_weapon
add_property order_terminal forsale_pellet_gun ordertype_weapon
add_property order_terminal forsale_pellet_gun_ammo
add_property order_terminal forsale_six_shooter ordertype_weapon
add_property order_terminal forsale_six_shooter_ammo
add_property order_terminal forsale_winchester ordertype_weapon
add_property order_terminal forsale_winchester_ammo
add_property portable_order_terminal forsale_dynomite ordertype_weapon
add_property portable_order_terminal forsale_pellet_gun ordertype_weapon
add_property portable_order_terminal forsale_pellet_gun_ammo
add_property portable_order_terminal forsale_six_shooter ordertype_weapon
add_property portable_order_terminal forsale_six_shooter_ammo
add_property portable_order_terminal forsale_winchester ordertype_weapon
add_property portable_order_terminal forsale_winchester_ammo
add_property ams requirement_certification0 vehicles
add_property apc requirement_certification0 vehicles
add_property aphelion_flight requirement_award0 false
add_property aphelion_flight requirement_certification0 vehicles
add_property aphelion_gunner requirement_certification0 vehicles
add_property aphelion_laser requirement_certification0 vehicles
add_property aphelion_starfire requirement_certification0 vehicles
add_property aurora requirement_certification0 vehicles
add_property bfr_terminal requirement_certification0 vehicles
add_property colossus_burster requirement_certification0 vehicles
add_property colossus_chaingun requirement_certification0 vehicles
add_property colossus_flight requirement_award0 false
add_property colossus_flight requirement_certification0 vehicles
add_property colossus_gunner requirement_certification0 vehicles
add_property delivererv requirement_certification0 vehicles
add_property dropship requirement_certification0 vehicles
add_property flail purchase_module none
add_property flail requirement_certification0 vehicles
add_property fury requirement_certification0 vehicles
add_property galaxy_gunship requirement_certification0 vehicles
add_property liberator purchase_tech_plant false
add_property liberator requirement_certification0 vehicles
add_property lightgunship purchase_tech_plant false
add_property lightgunship requirement_certification0 vehicles
add_property lightning requirement_certification0 vehicles
add_property lodestar requirement_certification0 vehicles
add_property magrider purchase_tech_plant false
add_property magrider requirement_certification0 vehicles
add_property mediumtransport requirement_certification0 vehicles
add_property mosquito requirement_certification0 vehicles
add_property peregrine_flight requirement_award0 false
add_property peregrine_flight requirement_certification0 vehicles
add_property peregrine_gunner requirement_certification0 vehicles
add_property peregrine_mechhammer requirement_certification0 vehicles
add_property peregrine_sparrow requirement_certification0 vehicles
add_property phantasm purchase_tech_plant false
add_property phantasm requirement_certification0 vehicles
add_property prowler purchase_tech_plant false
add_property prowler requirement_certification0 vehicles
add_property quadassault requirement_certification0 vehicles
add_property quadstealth requirement_certification0 vehicles
add_property router requirement_certification0 vehicles
add_property skyguard purchase_tech_plant false
add_property skyguard requirement_certification0 vehicles
add_property switchblade purchase_module none
add_property switchblade requirement_certification0 vehicles
add_property threemanheavybuggy requirement_certification0 vehicles
add_property thunderer requirement_certification0 vehicles
add_property two_man_assault_buggy requirement_certification0 vehicles
add_property twomanheavybuggy requirement_certification0 vehicles
add_property twomanhoverbuggy requirement_certification0 vehicles
add_property vanguard purchase_tech_plant false
add_property vanguard requirement_certification0 vehicles
add_property vulture purchase_tech_plant false
add_property vulture requirement_award0 false
add_property vulture requirement_certification0 vehicles
add_property wasp purchase_tech_plant false
add_property wasp requirement_certification0 vehicles